[debug] [2026-09-19T11:02:54.216Z] ----------------------------------------------------------------------
[debug] [2026-09-19T11:02:54.219Z] Command:       /usr/local/bin/node /usr/local/bin/firebase deploy --only hosting --project smartledger-d0f9c
[debug] [2026-09-19T11:02:54.220Z] CLI Version:   15.29.0
[debug] [2026-09-19T11:02:54.220Z] Platform:      linux
[debug] [2026-09-19T11:02:54.220Z] Node Version:  v22.23.2
[debug] [2026-09-19T11:02:54.221Z] Detected Agent: unknown
[debug] [2026-09-19T11:02:54.221Z] Time:          Sat Sep 19 2026 11:02:54 GMT+0000 (Coordinated Universal Time)
[debug] [2026-09-19T11:02:54.221Z] ----------------------------------------------------------------------
[debug] 
[debug] [2026-09-19T11:02:54.255Z] >>> [apiv2][query] GET https://firebase-public.firebaseio.com/cli.json [none]
[debug] [2026-09-19T11:02:59.354Z] > command requires scopes: ["email","openid","https://www.googleapis.com/auth/cloudplatformprojects.readonly","https://www.googleapis.com/auth/firebase","https://www.googleapis.com/auth/cloud-platform"]
[debug] [2026-09-19T11:02:59.397Z] Running auto auth
[debug] [2026-09-19T11:02:59.401Z] [iam] checking project smartledger-d0f9c for permissions ["firebase.projects.get","firebasehosting.sites.update"]
[debug] [2026-09-19T11:02:59.402Z] No OAuth tokens found
[debug] [2026-09-19T11:02:59.403Z] >>> [apiv2][query] POST https://cloudresourcemanager.googleapis.com/v1/projects/smartledger-d0f9c:testIamPermissions [none]
[debug] [2026-09-19T11:02:59.403Z] >>> [apiv2][(partial)header] POST https://cloudresourcemanager.googleapis.com/v1/projects/smartledger-d0f9c:testIamPermissions  x-goog-user-project=smartledger-d0f9c
[debug] [2026-09-19T11:02:59.404Z] >>> [apiv2][body] POST https://cloudresourcemanager.googleapis.com/v1/projects/smartledger-d0f9c:testIamPermissions {"permissions":["firebase.projects.get","firebasehosting.sites.update"]}
[debug] [2026-09-19T11:03:00.108Z] <<< [apiv2][status] POST https://cloudresourcemanager.googleapis.com/v1/projects/smartledger-d0f9c:testIamPermissions 403
[debug] [2026-09-19T11:03:00.108Z] <<< [apiv2][body] POST https://cloudresourcemanager.googleapis.com/v1/projects/smartledger-d0f9c:testIamPermissions {"error":{"code":403,"message":"Caller does not have required permission to use project smartledger-d0f9c. Grant the caller the roles/serviceusage.serviceUsageConsumer role, or a custom role with the serviceusage.services.use permission, by visiting https://console.developers.google.com/iam-admin/iam?project=smartledger-d0f9c and then retry. Propagation of the new permission may take a few minutes.","status":"PERMISSION_DENIED","details":[{"@type":"type.googleapis.com/google.rpc.ErrorInfo","reason":"USER_PROJECT_DENIED","domain":"googleapis.com","metadata":{"consoleUrl":"https://console.developers.google.com/iam-admin/iam?project=smartledger-d0f9c","containerInfo":"smartledger-d0f9c","service":"cloudresourcemanager.googleapis.com","consumer":"projects/smartledger-d0f9c"}},{"@type":"type.googleapis.com/google.rpc.LocalizedMessage","locale":"en-US","message":"Caller does not have required permission to use project smartledger-d0f9c. Grant the caller the roles/serviceusage.serviceUsageConsumer role, or a custom role with the serviceusage.services.use permission, by visiting https://console.developers.google.com/iam-admin/iam?project=smartledger-d0f9c and then retry. Propagation of the new permission may take a few minutes."},{"@type":"type.googleapis.com/google.rpc.Help","links":[{"description":"Google developer console IAM admin","url":"https://console.developers.google.com/iam-admin/iam?project=smartledger-d0f9c"}]}]}}
[debug] [2026-09-19T11:03:00.109Z] [iam] error while checking permissions, command may fail: Request to https://cloudresourcemanager.googleapis.com/v1/projects/smartledger-d0f9c:testIamPermissions had HTTP Error: 403, Caller does not have required permission to use project smartledger-d0f9c. Grant the caller the roles/serviceusage.serviceUsageConsumer role, or a custom role with the serviceusage.services.use permission, by visiting https://console.developers.google.com/iam-admin/iam?project=smartledger-d0f9c and then retry. Propagation of the new permission may take a few minutes.
[debug] [2026-09-19T11:03:00.110Z] No OAuth tokens found
[debug] [2026-09-19T11:03:00.111Z] >>> [apiv2][query] GET https://firebase.googleapis.com/v1beta1/projects/smartledger-d0f9c [none]
[debug] [2026-09-19T11:03:00.164Z] <<< [apiv2][status] GET https://firebase.googleapis.com/v1beta1/projects/smartledger-d0f9c 403
[debug] [2026-09-19T11:03:00.164Z] <<< [apiv2][body] GET https://firebase.googleapis.com/v1beta1/projects/smartledger-d0f9c {"error":{"code":403,"message":"Firebase Management API has not been used in project 624060619309 before or it is disabled. Enable it by visiting https://console.developers.google.com/apis/api/firebase.googleapis.com/overview?project=624060619309 then retry. If you enabled this API recently, wait a few minutes for the action to propagate to our systems and retry.","status":"PERMISSION_DENIED","details":[{"@type":"type.googleapis.com/google.rpc.ErrorInfo","reason":"SERVICE_DISABLED","domain":"googleapis.com","metadata":{"containerInfo":"624060619309","activationUrl":"https://console.developers.google.com/apis/api/firebase.googleapis.com/overview?project=624060619309","consumer":"projects/624060619309","serviceTitle":"Firebase Management API","service":"firebase.googleapis.com"}},{"@type":"type.googleapis.com/google.rpc.LocalizedMessage","locale":"en-US","message":"Firebase Management API has not been used in project 624060619309 before or it is disabled. Enable it by visiting https://console.developers.google.com/apis/api/firebase.googleapis.com/overview?project=624060619309 then retry. If you enabled this API recently, wait a few minutes for the action to propagate to our systems and retry."},{"@type":"type.googleapis.com/google.rpc.Help","links":[{"description":"Google developers console API activation","url":"https://console.developers.google.com/apis/api/firebase.googleapis.com/overview?project=624060619309"}]}]}}
[debug] [2026-09-19T11:03:00.165Z] Request to https://firebase.googleapis.com/v1beta1/projects/smartledger-d0f9c had HTTP Error: 403, Firebase Management API has not been used in project 624060619309 before or it is disabled. Enable it by visiting https://console.developers.google.com/apis/api/firebase.googleapis.com/overview?project=624060619309 then retry. If you enabled this API recently, wait a few minutes for the action to propagate to our systems and retry.
[debug] [2026-09-19T11:03:00.166Z] FirebaseError: Request to https://firebase.googleapis.com/v1beta1/projects/smartledger-d0f9c had HTTP Error: 403, Firebase Management API has not been used in project 624060619309 before or it is disabled. Enable it by visiting https://console.developers.google.com/apis/api/firebase.googleapis.com/overview?project=624060619309 then retry. If you enabled this API recently, wait a few minutes for the action to propagate to our systems and retry.
    at responseToError (/usr/local/lib/node_modules/firebase-tools/lib/responseToError.js:53:12)
    at RetryOperation._fn (/usr/local/lib/node_modules/firebase-tools/lib/apiv2.js:415:77)
    at process.processTicksAndRejections (node:internal/process/task_queues:103:5)
[error] 
[error] Error: Failed to get Firebase project smartledger-d0f9c. Please make sure the project exists and your account has permission to access it.
[debug] [2026-09-19T11:03:00.339Z] <<< [apiv2][status] GET https://firebase-public.firebaseio.com/cli.json 200
[debug] [2026-09-19T11:03:00.339Z] <<< [apiv2][body] GET https://firebase-public.firebaseio.com/cli.json {"cloudBuildErrorAfter":1594252800000,"cloudBuildWarnAfter":1590019200000,"defaultNode10After":1594252800000,"minVersion":"3.0.5","node8DeploysDisabledAfter":1613390400000,"node8RuntimeDisabledAfter":1615809600000,"node8WarnAfter":1600128000000}
